
> temp-init@0.1.0 build
> next build

Γû▓ Next.js 16.1.6 (Turbopack)
- Environments: .env.local

  Creating an optimized production build ...
Γ£ô Compiled successfully in 6.7s
  Running TypeScript ...
  Collecting page data using 7 workers ...
  Generating static pages using 7 workers (0/28) ...
  Generating static pages using 7 workers (7/28) 
  Generating static pages using 7 workers (14/28) 
  Generating static pages using 7 workers (21/28) 
Γ£ô Generating static pages using 7 workers (28/28) in 924.9ms
  Finalizing page optimization ...

Route (app)
Γöî Γùï /
Γö£ Γùï /_not-found
Γö£ Γùï /admin
Γö£ Γùï /admin/companies
Γö£ ╞Æ /admin/companies/[id]
Γö£ Γùï /admin/companies/new
Γö£ Γùï /admin/questions
Γö£ ╞Æ /api/admin/companies
Γö£ ╞Æ /api/admin/companies/[id]
Γö£ ╞Æ /api/admin/companies/[id]/materials
Γö£ ╞Æ /api/admin/companies/[id]/roles
Γö£ ╞Æ /api/admin/companies/[id]/roles/[roleId]
Γö£ ╞Æ /api/admin/companies/[id]/syllabus
Γö£ ╞Æ /api/admin/generate-questions
Γö£ ╞Æ /api/admin/questions
Γö£ ╞Æ /api/admin/questions/[id]
Γö£ ╞Æ /api/admin/seed-roles
Γö£ ╞Æ /api/admin/users-count
Γö£ ╞Æ /api/admin/verify
Γö£ ╞Æ /api/companies
Γö£ ╞Æ /api/companies/[slug]
Γö£ ╞Æ /api/execute
Γö£ ╞Æ /api/feedback
Γö£ ╞Æ /api/interview-chat
Γö£ ╞Æ /api/interview-feedback
Γö£ ╞Æ /api/questions
Γö£ ╞Æ /api/stt
Γö£ ╞Æ /api/test-submit
Γö£ ╞Æ /api/tts
Γö£ Γùï /companies
Γö£ ╞Æ /companies/[slug]
Γö£ Γùï /dashboard
Γö£ Γùï /feedback
Γö£ Γùï /icon.svg
Γö£ ╞Æ /interview/[companySlug]
Γö£ Γùï /login
Γö£ Γùï /signup
Γöö ╞Æ /test/[companySlug]


Γùï  (Static)   prerendered as static content
╞Æ  (Dynamic)  server-rendered on demand

